\set ECHO none
NOTICE:  CREATE EXTENSION pg_utility_trigger_functions WITH VERSION '1.0.0' CASCADE
NOTICE:  installing required extension "hstore"
NOTICE:  ALTER EXTENSION pg_utility_trigger_functions UPDATE TO '1.7.5'
NOTICE:  CALL test__update_updated_at()
NOTICE:  CALL test__no_delete()
NOTICE:  CALL test__nullify_columns()
NOTICE:  CALL test__copy_fields_from_foreign_table()
NOTICE:  CALL test__fallback_to_fields_from_foreign_table()
NOTICE:  CALL test__set_installed_extension_version_from_name()
NOTICE:  CALL test__coalesce_sibling_fields()
NOTICE:  CALL test__overwrite_fields_in_referencing_table()
NOTICE:  CALL test__overwrite_composite_field_in_referencing_table()
NOTICE:  DROP EXTENSION pg_utility_trigger_functions CASCADE
NOTICE:  CREATE EXTENSION pg_utility_trigger_functions WITH VERSION '1.7.5' CASCADE
NOTICE:  CALL test__update_updated_at()
NOTICE:  CALL test__no_delete()
NOTICE:  CALL test__nullify_columns()
NOTICE:  CALL test__coalesce_sibling_fields()
NOTICE:  CALL test__copy_fields_from_foreign_table()
NOTICE:  CALL test__fallback_to_fields_from_foreign_table()
NOTICE:  CALL test__overwrite_fields_in_referencing_table()
NOTICE:  CALL test__overwrite_composite_field_in_referencing_table()
NOTICE:  CALL test__set_installed_extension_version_from_name()
NOTICE:  DROP EXTENSION pg_utility_trigger_functions CASCADE
NOTICE:  CREATE EXTENSION pg_utility_trigger_functions WITH VERSION '1.7.3' CASCADE
NOTICE:  ALTER EXTENSION pg_utility_trigger_functions UPDATE TO '1.7.5'
NOTICE:  CALL test__update_updated_at()
NOTICE:  CALL test__no_delete()
NOTICE:  CALL test__nullify_columns()
NOTICE:  CALL test__coalesce_sibling_fields()
NOTICE:  CALL test__copy_fields_from_foreign_table()
NOTICE:  CALL test__fallback_to_fields_from_foreign_table()
NOTICE:  CALL test__overwrite_fields_in_referencing_table()
NOTICE:  CALL test__overwrite_composite_field_in_referencing_table()
NOTICE:  CALL test__set_installed_extension_version_from_name()
NOTICE:  DROP EXTENSION pg_utility_trigger_functions CASCADE
NOTICE:  CREATE EXTENSION pg_utility_trigger_functions WITH VERSION '1.7.4' CASCADE
NOTICE:  ALTER EXTENSION pg_utility_trigger_functions UPDATE TO '1.7.5'
NOTICE:  CALL test__update_updated_at()
NOTICE:  CALL test__no_delete()
NOTICE:  CALL test__nullify_columns()
NOTICE:  CALL test__coalesce_sibling_fields()
NOTICE:  CALL test__copy_fields_from_foreign_table()
NOTICE:  CALL test__fallback_to_fields_from_foreign_table()
NOTICE:  CALL test__overwrite_fields_in_referencing_table()
NOTICE:  CALL test__overwrite_composite_field_in_referencing_table()
NOTICE:  CALL test__set_installed_extension_version_from_name()
NOTICE:  DROP EXTENSION pg_utility_trigger_functions CASCADE
